[    0.000000] Booting Linux on physical CPU 0x0000000000 [0x410fd034]
[    0.000000] Linux version 6.12.61-v8 (lynchrl@titan) (aarch64-linux-gcc.br_real (Buildroot 2021.11-18033-g83947c7bb6) 14.3.0, GNU ld (GNU Binutils) 2.43.1) #1 SMP PREEMPT Sat Apr  4 13:18:40 MDT 2026
[    0.000000] KASLR enabled
[    0.000000] random: crng init done
[    0.000000] Machine model: Raspberry Pi 3 Model B Plus Rev 1.4
[    0.000000] efi: UEFI not found.
[    0.000000] Reserved memory: created CMA memory pool at 0x0000000035c00000, size 64 MiB
[    0.000000] OF: reserved mem: initialized node linux,cma, compatible id shared-dma-pool
[    0.000000] OF: reserved mem: 0x0000000035c00000..0x0000000039bfffff (65536 KiB) map reusable linux,cma
[    0.000000] NUMA: Faking a node at [mem 0x0000000000000000-0x0000000039bfffff]
[    0.000000] NODE_DATA(0) allocated [mem 0x35a09f00-0x35a0cbff]
[    0.000000] Zone ranges:
[    0.000000]   DMA      [mem 0x0000000000000000-0x0000000039bfffff]
[    0.000000]   DMA32    empty
[    0.000000]   Normal   empty
[    0.000000] Movable zone start for each node
[    0.000000] Early memory node ranges
[    0.000000]   node   0: [mem 0x0000000000000000-0x0000000039bfffff]
[    0.000000] Initmem setup node 0 [mem 0x0000000000000000-0x0000000039bfffff]
[    0.000000] On node 0, zone DMA: 25600 pages in unavailable ranges
[    0.000000] percpu: Embedded 33 pages/cpu s95256 r8192 d31720 u135168
[    0.000000] Detected VIPT I-cache on CPU0
[    0.000000] CPU features: kernel page table isolation forced ON by KASLR
[    0.000000] CPU features: detected: Kernel page table isolation (KPTI)
[    0.000000] CPU features: detected: ARM erratum 843419
[    0.000000] CPU features: detected: ARM erratum 845719
[    0.000000] alternatives: applying boot alternatives
[    0.000000] Kernel command line: coherent_pool=1M 8250.nr_uarts=1 snd_bcm2835.enable_headphones=0 cgroup_disable=memory bcm2708_fb.fbwidth=720 bcm2708_fb.fbheight=480 bcm2708_fb.fbswap=1 vc_mem.mem_base=0x3ec00000 vc_mem.mem_size=0x40000000  root=/dev/mmcblk0p2 rootwait console=tty1 console=ttyS0,115200
[    0.000000] cgroup: Disabling memory control group subsystem
[    0.000000] Dentry cache hash table entries: 131072 (order: 8, 1048576 bytes, linear)
[    0.000000] Inode-cache hash table entries: 65536 (order: 7, 524288 bytes, linear)
[    0.000000] Fallback order for Node 0: 0 
[    0.000000] Built 1 zonelists, mobility grouping on.  Total pages: 236544
[    0.000000] Policy zone: DMA
[    0.000000] mem auto-init: stack:all(zero), heap alloc:off, heap free:off
[    0.000000] SLUB: HWalign=64, Order=0-3, MinObjects=0, CPUs=4, Nodes=1
[    0.000000] ftrace: allocating 45313 entries in 178 pages
[    0.000000] ftrace: allocated 178 pages with 4 groups
[    0.000000] rcu: Preemptible hierarchical RCU implementation.
[    0.000000] rcu: 	RCU event tracing is enabled.
[    0.000000] 	Trampoline variant of Tasks RCU enabled.
[    0.000000] 	Rude variant of Tasks RCU enabled.
[    0.000000] 	Tracing variant of Tasks RCU enabled.
[    0.000000] rcu: RCU calculated value of scheduler-enlistment delay is 25 jiffies.
[    0.000000] RCU Tasks: Setting shift to 2 and lim to 1 rcu_task_cb_adjust=1 rcu_task_cpu_ids=4.
[    0.000000] RCU Tasks Rude: Setting shift to 2 and lim to 1 rcu_task_cb_adjust=1 rcu_task_cpu_ids=4.
[    0.000000] RCU Tasks Trace: Setting shift to 2 and lim to 1 rcu_task_cb_adjust=1 rcu_task_cpu_ids=4.
[    0.000000] NR_IRQS: 64, nr_irqs: 64, preallocated irqs: 0
[    0.000000] Root IRQ handler: bcm2836_arm_irqchip_handle_irq
[    0.000000] rcu: srcu_init: Setting srcu_struct sizes based on contention.
[    0.000000] arch_timer: cp15 timer(s) running at 19.20MHz (phys).
[    0.000000] clocksource: arch_sys_counter: mask: 0xffffffffffffff max_cycles: 0x46d987e47, max_idle_ns: 440795202767 ns
[    0.000000] sched_clock: 56 bits at 19MHz, resolution 52ns, wraps every 4398046511078ns
[    0.000205] Console: colour dummy device 80x25
[    0.000216] printk: legacy console [tty1] enabled
[    0.000684] Calibrating delay loop (skipped), value calculated using timer frequency.. 38.40 BogoMIPS (lpj=76800)
[    0.000707] pid_max: default: 32768 minimum: 301
[    0.000762] LSM: initializing lsm=capability
[    0.000913] Mount-cache hash table entries: 2048 (order: 2, 16384 bytes, linear)
[    0.000939] Mountpoint-cache hash table entries: 2048 (order: 2, 16384 bytes, linear)
[    0.002893] rcu: Hierarchical SRCU implementation.
[    0.002927] rcu: 	Max phase no-delay instances is 1000.
[    0.003121] Timer migration: 1 hierarchy levels; 8 children per group; 1 crossnode level
[    0.004064] EFI services will not be available.
[    0.004289] smp: Bringing up secondary CPUs ...
[    0.004744] Detected VIPT I-cache on CPU1
[    0.004834] CPU1: Booted secondary processor 0x0000000001 [0x410fd034]
[    0.005481] Detected VIPT I-cache on CPU2
[    0.005543] CPU2: Booted secondary processor 0x0000000002 [0x410fd034]
[    0.006105] Detected VIPT I-cache on CPU3
[    0.006162] CPU3: Booted secondary processor 0x0000000003 [0x410fd034]
[    0.006335] smp: Brought up 1 node, 4 CPUs
[    0.006397] SMP: Total of 4 processors activated.
[    0.006408] CPU: All CPU(s) started at EL2
[    0.006427] CPU features: detected: 32-bit EL0 Support
[    0.006437] CPU features: detected: 32-bit EL1 Support
[    0.006449] CPU features: detected: CRC32 instructions
[    0.006495] alternatives: applying system-wide alternatives
[    0.007674] Memory: 830108K/946176K available (14336K kernel code, 2418K rwdata, 4820K rodata, 2048K init, 577K bss, 45024K reserved, 65536K cma-reserved)
[    0.008124] devtmpfs: initialized
[    0.014393] Enabled cp15_barrier support
[    0.014432] Enabled setend support
[    0.014561] clocksource: jiffies: mask: 0xffffffff max_cycles: 0xffffffff, max_idle_ns: 7645041785100000 ns
[    0.014588] futex hash table entries: 1024 (order: 4, 65536 bytes, linear)
[    0.016479] 2G module region forced by RANDOMIZE_MODULE_REGION_FULL
[    0.016522] 0 pages in range for non-PLT usage
[    0.016526] 518176 pages in range for PLT usage
[    0.016736] pinctrl core: initialized pinctrl subsystem
[    0.017251] DMI not present or invalid.
[    0.019244] NET: Registered PF_NETLINK/PF_ROUTE protocol family
[    0.022404] DMA: preallocated 1024 KiB GFP_KERNEL pool for atomic allocations
[    0.022786] DMA: preallocated 1024 KiB GFP_KERNEL|GFP_DMA pool for atomic allocations
[    0.023470] DMA: preallocated 1024 KiB GFP_KERNEL|GFP_DMA32 pool for atomic allocations
[    0.023536] audit: initializing netlink subsys (disabled)
[    0.023765] audit: type=2000 audit(0.020:1): state=initialized audit_enabled=0 res=1
[    0.024242] thermal_sys: Registered thermal governor 'step_wise'
[    0.024275] cpuidle: using governor menu
[    0.024430] hw-breakpoint: found 6 breakpoint and 4 watchpoint registers.
[    0.024527] ASID allocator initialised with 32768 entries
[    0.025103] Serial: AMBA PL011 UART driver
[    0.027801] bcm2835-mbox 3f00b880.mailbox: mailbox enabled
[    0.036199] raspberrypi-firmware soc:firmware: Attached to firmware from 2025-12-08T19:42:39, variant start
[    0.040209] raspberrypi-firmware soc:firmware: Firmware hash is 2226a853bb9f5fd80392e3a4a89e457aeca88008
[    0.049390] bcm2835-dma 3f007000.dma-controller: DMA legacy API manager, dmachans=0x1
[    0.050127] iommu: Default domain type: Translated
[    0.050143] iommu: DMA domain TLB invalidation policy: strict mode
[    0.051308] SCSI subsystem initialized
[    0.051471] usbcore: registered new interface driver usbfs
[    0.051509] usbcore: registered new interface driver hub
[    0.051549] usbcore: registered new device driver usb
[    0.051825] pps_core: LinuxPPS API ver. 1 registered
[    0.051837] pps_core: Software ver. 5.3.6 - Copyright 2005-2007 Rodolfo Giometti <giometti@linux.it>
[    0.051861] PTP clock support registered
[    0.052927] vgaarb: loaded
[    0.053282] clocksource: Switched to clocksource arch_sys_counter
[    0.053631] VFS: Disk quotas dquot_6.6.0
[    0.053659] VFS: Dquot-cache hash table entries: 512 (order 0, 4096 bytes)
[    0.059782] NET: Registered PF_INET protocol family
[    0.059970] IP idents hash table entries: 16384 (order: 5, 131072 bytes, linear)
[    0.060906] tcp_listen_portaddr_hash hash table entries: 512 (order: 1, 8192 bytes, linear)
[    0.060942] Table-perturb hash table entries: 65536 (order: 6, 262144 bytes, linear)
[    0.060963] TCP established hash table entries: 8192 (order: 4, 65536 bytes, linear)
[    0.061128] TCP bind hash table entries: 8192 (order: 6, 262144 bytes, linear)
[    0.061380] TCP: Hash tables configured (established 8192 bind 8192)
[    0.061622] MPTCP token hash table entries: 1024 (order: 3, 24576 bytes, linear)
[    0.061688] UDP hash table entries: 512 (order: 2, 16384 bytes, linear)
[    0.061721] UDP-Lite hash table entries: 512 (order: 2, 16384 bytes, linear)
[    0.061849] NET: Registered PF_UNIX/PF_LOCAL protocol family
[    0.062261] RPC: Registered named UNIX socket transport module.
[    0.062276] RPC: Registered udp transport module.
[    0.062287] RPC: Registered tcp transport module.
[    0.062297] RPC: Registered tcp-with-tls transport module.
[    0.062307] RPC: Registered tcp NFSv4.1 backchannel transport module.
[    0.062327] PCI: CLS 0 bytes, default 64
[    0.068853] kvm [1]: nv: 554 coarse grained trap handlers
[    0.069252] kvm [1]: IPA Size Limit: 40 bits
[    0.070262] kvm [1]: Hyp nVHE mode initialized successfully
[    0.808159] Initialise system trusted keyrings
[    0.808472] workingset: timestamp_bits=42 max_order=18 bucket_order=0
[    0.809057] NFS: Registering the id_resolver key type
[    0.809090] Key type id_resolver registered
[    0.809100] Key type id_legacy registered
[    0.809124] nfs4filelayout_init: NFSv4 File Layout Driver Registering...
[    0.809138] nfs4flexfilelayout_init: NFSv4 Flexfile Layout Driver Registering...
[    0.809646] Key type asymmetric registered
[    0.809662] Asymmetric key parser 'x509' registered
[    0.809714] Block layer SCSI generic (bsg) driver version 0.4 loaded (major 247)
[    0.809865] io scheduler mq-deadline registered
[    0.809879] io scheduler kyber registered
[    0.809910] io scheduler bfq registered
[    0.811340] pinctrl-bcm2835 3f200000.gpio: GPIO_OUT persistence: yes
[    0.814003] ledtrig-cpu: registered to indicate activity on CPUs
[    0.814822] bcm2708_fb soc:fb: FB found 1 display(s)
[    0.822376] Console: switching to colour frame buffer device 90x30
[    0.824652] bcm2708_fb soc:fb: Registered framebuffer for display 0, size 720x480
[    0.827343] Serial: 8250/16550 driver, 1 ports, IRQ sharing enabled
[    0.829308] bcm2835-rng 3f104000.rng: hwrng registered
[    0.830243] vc-mem: phys_addr:0x00000000 mem_base=0x3ec00000 mem_size:0x40000000(1024 MiB)
[    0.839784] brd: module loaded
[    0.844564] loop: module loaded
[    0.845872] Loading iSCSI transport class v2.0-870.
[    0.849264] usbcore: registered new interface driver lan78xx
[    0.850129] usbcore: registered new interface driver smsc95xx
[    0.851027] dwc_otg: version 3.00a 10-AUG-2012 (platform bus)
[    1.579664] Core Release: 2.80a
[    1.580413] Setting default values for core params
[    1.581145] Finished setting default values for core params
[    1.782067] Using Buffer DMA mode
[    1.782790] Periodic Transfer Interrupt Enhancement - disabled
[    1.783521] Multiprocessor Interrupt Enhancement - disabled
[    1.784237] OTG VER PARAM: 0, OTG VER FLAG: 0
[    1.784950] Dedicated Tx FIFOs mode
[    1.786863] INFO:: FIQ DMA bounce buffers: virt = ffffffc080bf5000 dma = 0x00000000f6010000 len=9024
[    1.788388] FIQ FSM acceleration enabled for :
[    1.788388] Non-periodic Split Transactions
[    1.788388] Periodic Split Transactions
[    1.788388] High-Speed Isochronous Endpoints
[    1.788388] Interrupt/Control Split Transaction hack enabled
[    1.792032] INFO:: MPHI regs_base at ffffffc08006d000
[    1.792775] dwc_otg 3f980000.usb: DWC OTG Controller
[    1.793494] dwc_otg 3f980000.usb: new USB bus registered, assigned bus number 1
[    1.794193] dwc_otg 3f980000.usb: irq 74, io mem 0x00000000
[    1.794904] Init: Port Power? op_state=1
[    1.795581] Init: Power Port (0)
[    1.796372] usb usb1: New USB device found, idVendor=1d6b, idProduct=0002, bcdDevice= 6.12
[    1.797787] usb usb1: New USB device strings: Mfr=3, Product=2, SerialNumber=1
[    1.798542] usb usb1: Product: DWC OTG Controller
[    1.799281] usb usb1: Manufacturer: Linux 6.12.61-v8 dwc_otg_hcd
[    1.800030] usb usb1: SerialNumber: 3f980000.usb
[    1.801235] hub 1-0:1.0: USB hub found
[    1.801996] hub 1-0:1.0: 1 port detected
[    1.804183] usbcore: registered new interface driver uas
[    1.804978] usbcore: registered new interface driver usb-storage
[    1.806406] mousedev: PS/2 mouse device common for all mice
[    1.808749] sdhci: Secure Digital Host Controller Interface driver
[    1.809595] sdhci: Copyright(c) Pierre Ossman
[    1.810381] sdhci-pltfm: SDHCI platform and OF driver helper
[    1.811242] hid: raw HID events driver (C) Jiri Kosina
[    1.812028] usbcore: registered new interface driver usbhid
[    1.812726] usbhid: USB HID core driver
[    1.818125] hw perfevents: enabled with armv8_cortex_a53 PMU driver, 7 (0,8000003f) counters available
[    1.820595] NET: Registered PF_PACKET protocol family
[    1.821484] Key type dns_resolver registered
[    1.838335] registered taskstats version 1
[    1.839256] Loading compiled-in X.509 certificates
[    1.846137] Demotion targets for Node 0: null
[    1.847505] Key type .fscrypt registered
[    1.848230] Key type fscrypt-provisioning registered
[    1.854447] pl011-axi 3f201000.serial: cts_event_workaround enabled
[    1.855517] 3f201000.serial: ttyAMA1 at MMIO 0x3f201000 (irq = 99, base_baud = 0) is a PL011 AXI
[    1.857103] serial serial0: tty port ttyAMA1 registered
[    1.860001] bcm2835-aux-uart 3f215040.serial: there is not valid maps for state default
[    1.861204] printk: legacy console [ttyS0] disabled
[    1.863029] 3f215040.serial: ttyS0 at MMIO 0x3f215040 (irq = 71, base_baud = 50000000) is a 16550
[    1.864672] printk: legacy console [ttyS0] enabled
[    3.139444] Indeed it is in host mode hprt0 = 00021501
[    3.140174] bcm2835-wdt bcm2835-wdt: Broadcom BCM2835 watchdog timer
[    3.153718] bcm2835-power bcm2835-power: Broadcom BCM2835 power domains driver
[    3.162848] mmc-bcm2835 3f300000.mmcnr: mmc_debug:0 mmc_debug2:0
[    3.169808] mmc-bcm2835 3f300000.mmcnr: DMA channel allocated
[    3.203125] of_cfs_init
[    3.207600] of_cfs_init: OK
[    3.211412] clk: Disabling unused clocks
[    3.216415] PM: genpd: Disabling unused power domains
[    3.282115] sdhost-bcm2835 3f202000.mmc: loaded - DMA enabled (>1)
[    3.289538] Waiting for root device /dev/mmcblk0p2...
[    3.305349] mmc1: new high speed SDIO card at address 0001
[    3.325296] usb 1-1: new high-speed USB device number 2 using dwc_otg
[    3.332733] Indeed it is in host mode hprt0 = 00001101
[    3.374129] mmc0: host does not support reading read-only switch, assuming write-enable
[    3.386097] mmc0: new high speed SDHC card at address 0001
[    3.393160] mmcblk0: mmc0:0001 EB1QT 29.8 GiB
[    3.400235]  mmcblk0: p1 p2
[    3.404185] mmcblk0: mmc0:0001 EB1QT 29.8 GiB
[    3.456192] EXT4-fs (mmcblk0p2): orphan cleanup on readonly fs
[    3.463364] EXT4-fs (mmcblk0p2): mounted filesystem 3fa722a2-f1ef-4ede-afa1-04681eefa3a1 ro with ordered data mode. Quota mode: none.
[    3.477233] VFS: Mounted root (ext4 filesystem) readonly on device 179:2.
[    3.485728] devtmpfs: mounted
[    3.493527] Freeing unused kernel memory: 2048K
[    3.499066] Run /sbin/init as init process
[    3.533518] usb 1-1: New USB device found, idVendor=0424, idProduct=2514, bcdDevice= b.b3
[    3.543454] usb 1-1: New USB device strings: Mfr=0, Product=0, SerialNumber=0
[    3.552042] hub 1-1:1.0: USB hub found
[    3.556760] hub 1-1:1.0: 4 ports detected
[    3.687719] EXT4-fs (mmcblk0p2): re-mounted 3fa722a2-f1ef-4ede-afa1-04681eefa3a1 r/w.
Seeding 256 bits and crediting
Saving 256 bits of creditable seed for next boot
Starting syslogd: OK
Starting klogd: OK
Running sysctl: OK
Starting network: [    3.841469] usb 1-1.1: new high-speed USB device number 3 using dwc_otg
Waiting for interface eth0 to appear[    3.937489] usb 1-1.1: New USB device found, idVendor=0424, idProduct=2514, bcdDevice= b.b3
[    3.947711] usb 1-1.1: New USB device strings: Mfr=0, Product=0, SerialNumber=0
[    3.956484] hub 1-1.1:1.0: USB hub found
[    3.961502] hub 1-1.1:1.0: 3 ports detected
[    4.319241] dwc_otg_handle_wakeup_detected_intr lxstate = 2
[    4.857300] usb 1-1.1.1: new high-speed USB device number 4 using dwc_otg
.[    4.965562] usb 1-1.1.1: New USB device found, idVendor=0424, idProduct=7800, bcdDevice= 3.00
[    4.975969] usb 1-1.1.1: New USB device strings: Mfr=0, Product=0, SerialNumber=0
[    5.247685] lan78xx 1-1.1.1:1.0 (unnamed net_device) (uninitialized): No External EEPROM. Setting MAC Speed
[    5.309702] lan78xx 1-1.1.1:1.0 (unnamed net_device) (uninitialized): int urb period 64
.
[    5.885647] lan78xx 1-1.1.1:1.0 eth0: Link is Down
udhcpc: started, v1.37.0
udhcpc: broadcasting discover
udhcpc: no lease, forking to background
OK
Starting crond: OK

Welcome to MyWxPi
buildroot login: 